Archive member included to satisfy reference by file (symbol)

c:/program files (x86)/atmel/studio/7.0/toolchain/avr8/avr8-gnu-toolchain/bin/../lib/gcc/avr/5.4.0/../../../../avr/lib/avr6\libm.a(addsf3.o)
                              Print.o (__subsf3)
c:/program files (x86)/atmel/studio/7.0/toolchain/avr8/avr8-gnu-toolchain/bin/../lib/gcc/avr/5.4.0/../../../../avr/lib/avr6\libm.a(addsf3x.o)
                              c:/program files (x86)/atmel/studio/7.0/toolchain/avr8/avr8-gnu-toolchain/bin/../lib/gcc/avr/5.4.0/../../../../avr/lib/avr6\libm.a(addsf3.o) (__addsf3x)
c:/program files (x86)/atmel/studio/7.0/toolchain/avr8/avr8-gnu-toolchain/bin/../lib/gcc/avr/5.4.0/../../../../avr/lib/avr6\libm.a(cmpsf2.o)
                              Print.o (__ltsf2)
c:/program files (x86)/atmel/studio/7.0/toolchain/avr8/avr8-gnu-toolchain/bin/../lib/gcc/avr/5.4.0/../../../../avr/lib/avr6\libm.a(cos.o)
                              main.o (cos)
c:/program files (x86)/atmel/studio/7.0/toolchain/avr8/avr8-gnu-toolchain/bin/../lib/gcc/avr/5.4.0/../../../../avr/lib/avr6\libm.a(divsf3.o)
                              main.o (__divsf3)
c:/program files (x86)/atmel/studio/7.0/toolchain/avr8/avr8-gnu-toolchain/bin/../lib/gcc/avr/5.4.0/../../../../avr/lib/avr6\libm.a(divsf3x.o)
                              c:/program files (x86)/atmel/studio/7.0/toolchain/avr8/avr8-gnu-toolchain/bin/../lib/gcc/avr/5.4.0/../../../../avr/lib/avr6\libm.a(divsf3.o) (__divsf3x)
c:/program files (x86)/atmel/studio/7.0/toolchain/avr8/avr8-gnu-toolchain/bin/../lib/gcc/avr/5.4.0/../../../../avr/lib/avr6\libm.a(fixsfsi.o)
                              main.o (__fixsfsi)
c:/program files (x86)/atmel/studio/7.0/toolchain/avr8/avr8-gnu-toolchain/bin/../lib/gcc/avr/5.4.0/../../../../avr/lib/avr6\libm.a(fixunssfsi.o)
                              main.o (__fixunssfsi)
c:/program files (x86)/atmel/studio/7.0/toolchain/avr8/avr8-gnu-toolchain/bin/../lib/gcc/avr/5.4.0/../../../../avr/lib/avr6\libm.a(floatsisf.o)
                              main.o (__floatunsisf)
c:/program files (x86)/atmel/studio/7.0/toolchain/avr8/avr8-gnu-toolchain/bin/../lib/gcc/avr/5.4.0/../../../../avr/lib/avr6\libm.a(fp_cmp.o)
                              c:/program files (x86)/atmel/studio/7.0/toolchain/avr8/avr8-gnu-toolchain/bin/../lib/gcc/avr/5.4.0/../../../../avr/lib/avr6\libm.a(cmpsf2.o) (__fp_cmp)
c:/program files (x86)/atmel/studio/7.0/toolchain/avr8/avr8-gnu-toolchain/bin/../lib/gcc/avr/5.4.0/../../../../avr/lib/avr6\libm.a(fp_inf.o)
                              c:/program files (x86)/atmel/studio/7.0/toolchain/avr8/avr8-gnu-toolchain/bin/../lib/gcc/avr/5.4.0/../../../../avr/lib/avr6\libm.a(addsf3x.o) (__fp_inf)
c:/program files (x86)/atmel/studio/7.0/toolchain/avr8/avr8-gnu-toolchain/bin/../lib/gcc/avr/5.4.0/../../../../avr/lib/avr6\libm.a(fp_nan.o)
                              c:/program files (x86)/atmel/studio/7.0/toolchain/avr8/avr8-gnu-toolchain/bin/../lib/gcc/avr/5.4.0/../../../../avr/lib/avr6\libm.a(addsf3x.o) (__fp_nan)
c:/program files (x86)/atmel/studio/7.0/toolchain/avr8/avr8-gnu-toolchain/bin/../lib/gcc/avr/5.4.0/../../../../avr/lib/avr6\libm.a(fp_pscA.o)
                              c:/program files (x86)/atmel/studio/7.0/toolchain/avr8/avr8-gnu-toolchain/bin/../lib/gcc/avr/5.4.0/../../../../avr/lib/avr6\libm.a(addsf3x.o) (__fp_pscA)
c:/program files (x86)/atmel/studio/7.0/toolchain/avr8/avr8-gnu-toolchain/bin/../lib/gcc/avr/5.4.0/../../../../avr/lib/avr6\libm.a(fp_pscB.o)
                              c:/program files (x86)/atmel/studio/7.0/toolchain/avr8/avr8-gnu-toolchain/bin/../lib/gcc/avr/5.4.0/../../../../avr/lib/avr6\libm.a(addsf3x.o) (__fp_pscB)
c:/program files (x86)/atmel/studio/7.0/toolchain/avr8/avr8-gnu-toolchain/bin/../lib/gcc/avr/5.4.0/../../../../avr/lib/avr6\libm.a(fp_rempio2.o)
                              c:/program files (x86)/atmel/studio/7.0/toolchain/avr8/avr8-gnu-toolchain/bin/../lib/gcc/avr/5.4.0/../../../../avr/lib/avr6\libm.a(cos.o) (__fp_rempio2)
c:/program files (x86)/atmel/studio/7.0/toolchain/avr8/avr8-gnu-toolchain/bin/../lib/gcc/avr/5.4.0/../../../../avr/lib/avr6\libm.a(fp_round.o)
                              c:/program files (x86)/atmel/studio/7.0/toolchain/avr8/avr8-gnu-toolchain/bin/../lib/gcc/avr/5.4.0/../../../../avr/lib/avr6\libm.a(addsf3.o) (__fp_round)
c:/program files (x86)/atmel/studio/7.0/toolchain/avr8/avr8-gnu-toolchain/bin/../lib/gcc/avr/5.4.0/../../../../avr/lib/avr6\libm.a(fp_sinus.o)
                              c:/program files (x86)/atmel/studio/7.0/toolchain/avr8/avr8-gnu-toolchain/bin/../lib/gcc/avr/5.4.0/../../../../avr/lib/avr6\libm.a(cos.o) (__fp_sinus)
c:/program files (x86)/atmel/studio/7.0/toolchain/avr8/avr8-gnu-toolchain/bin/../lib/gcc/avr/5.4.0/../../../../avr/lib/avr6\libm.a(fp_split3.o)
                              c:/program files (x86)/atmel/studio/7.0/toolchain/avr8/avr8-gnu-toolchain/bin/../lib/gcc/avr/5.4.0/../../../../avr/lib/avr6\libm.a(addsf3x.o) (__fp_split3)
[...]
Memory Configuration

Name             Origin             Length             Attributes
text             0x00000000         0x00040000         xr
data             0x00800200         0x00002000         rw !x
eeprom           0x00810000         0x00001000         rw !x
fuse             0x00820000         0x00000003         rw !x
lock             0x00830000         0x00000400         rw !x
signature        0x00840000         0x00000400         rw !x
user_signatures  0x00850000         0x00000400         rw !x
*default*        0x00000000         0xffffffff

Linker script and memory map

Address of section .data set to 0x800200
LOAD C:/Program Files (x86)/Atmel/Studio/7.0/Packs/Atmel/ATmega_DFP/1.4.351/gcc/dev/atmega2560/avr6/crtatmega2560.o
LOAD HardwareSerial.o
LOAD main.o
LOAD PCD8544.o
LOAD Print.o
LOAD SPI.o
LOAD Stream.o
LOAD WString.o
START GROUP
LOAD c:/program files (x86)/atmel/studio/7.0/toolchain/avr8/avr8-gnu-toolchain/bin/../lib/gcc/avr/5.4.0/../../../../avr/lib/avr6\libm.a
END GROUP
LOAD c:/program files (x86)/atmel/studio/7.0/toolchain/avr8/avr8-gnu-toolchain/bin/../lib/gcc/avr/5.4.0/avr6\libgcc.a
LOAD c:/program files (x86)/atmel/studio/7.0/toolchain/avr8/avr8-gnu-toolchain/bin/../lib/gcc/avr/5.4.0/../../../../avr/lib/avr6\libm.a
START GROUP
LOAD c:/program files (x86)/atmel/studio/7.0/toolchain/avr8/avr8-gnu-toolchain/bin/../lib/gcc/avr/5.4.0/avr6\libgcc.a
LOAD c:/program files (x86)/atmel/studio/7.0/toolchain/avr8/avr8-gnu-toolchain/bin/../lib/gcc/avr/5.4.0/../../../../avr/lib/avr6\libm.a
LOAD c:/program files (x86)/atmel/studio/7.0/toolchain/avr8/avr8-gnu-toolchain/bin/../lib/gcc/avr/5.4.0/../../../../avr/lib/avr6\libc.a
LOAD C:/Program Files (x86)/Atmel/Studio/7.0/Packs/Atmel/ATmega_DFP/1.4.351/gcc/dev/atmega2560/avr6\libatmega2560.a
END GROUP
                0x00000000                __TEXT_REGION_ORIGIN__ = DEFINED (__TEXT_REGION_ORIGIN__)?__TEXT_REGION_ORIGIN__:0x0
                [0x00800200]                __DATA_REGION_ORIGIN__ = DEFINED (__DATA_REGION_ORIGIN__)?__DATA_REGION_ORIGIN__:0x800200
                [0x00040000]                __TEXT_REGION_LENGTH__ = DEFINED (__TEXT_REGION_LENGTH__)?__TEXT_REGION_LENGTH__:0x100000
                [0x00002000]                __DATA_REGION_LENGTH__ = DEFINED (__DATA_REGION_LENGTH__)?__DATA_REGION_LENGTH__:0xfe00
                [0x00001000]                __EEPROM_REGION_LENGTH__ = DEFINED (__EEPROM_REGION_LENGTH__)?__EEPROM_REGION_LENGTH__:0x10000
                [0x00000003]                __FUSE_REGION_LENGTH__ = DEFINED (__FUSE_REGION_LENGTH__)?__FUSE_REGION_LENGTH__:0x400
                0x00000400                __LOCK_REGION_LENGTH__ = DEFINED (__LOCK_REGION_LENGTH__)?__LOCK_REGION_LENGTH__:0x400
                0x00000400                __SIGNATURE_REGION_LENGTH__ = DEFINED (__SIGNATURE_REGION_LENGTH__)?__SIGNATURE_REGION_LENGTH__:0x400
                0x00000400                __USER_SIGNATURE_REGION_LENGTH__ = DEFINED (__USER_SIGNATURE_REGION_LENGTH__)?__USER_SIGNATURE_REGION_LENGTH__:0x400

.hash
 *(.hash)

.dynsym
 *(.dynsym)

.dynstr
 *(.dynstr)

.gnu.version
 *(.gnu.version)

.gnu.version_d
 *(.gnu.version_d)

.gnu.version_r
 *(.gnu.version_r)

.rel.init
 *(.rel.init)

.rela.init
 *(.rela.init)

.rel.text
 *(.rel.text)
 *(.rel.text.*)
 *(.rel.gnu.linkonce.t*)

.rela.text
 *(.rela.text)
 *(.rela.text.*)
 *(.rela.gnu.linkonce.t*)

.rel.fini
 *(.rel.fini)

.rela.fini
 *(.rela.fini)

.rel.rodata
 *(.rel.rodata)
 *(.rel.rodata.*)
 *(.rel.gnu.linkonce.r*)

.rela.rodata
 *(.rela.rodata)
 *(.rela.rodata.*)
 *(.rela.gnu.linkonce.r*)

.rel.data
 *(.rel.data)
 *(.rel.data.*)
 *(.rel.gnu.linkonce.d*)

.rela.data
 *(.rela.data)
 *(.rela.data.*)
 *(.rela.gnu.linkonce.d*)

.rel.ctors
 *(.rel.ctors)

.rela.ctors
 *(.rela.ctors)

.rel.dtors
 *(.rel.dtors)

.rela.dtors
 *(.rela.dtors)

.rel.got
 *(.rel.got)

.rela.got
 *(.rela.got)

.rel.bss
 *(.rel.bss)

.rela.bss
 *(.rela.bss)

.rel.plt
 *(.rel.plt)

.rela.plt
 *(.rela.plt)

.text           0x00000000     0x2a74
 *(.vectors)
 .vectors       0x00000000       0xe4 C:/Program Files (x86)/Atmel/Studio/7.0/Packs/Atmel/ATmega_DFP/1.4.351/gcc/dev/atmega2560/avr6/crtatmega2560.o
                0x00000000                __vector_default
                0x00000000                __vectors
 *(.vectors)
 *(.progmem.gcc*)
 .progmem.gcc_fplib
                0x000000e4       0x1e c:/program files (x86)/atmel/studio/7.0/toolchain/avr8/avr8-gnu-toolchain/bin/../lib/gcc/avr/5.4.0/../../../../avr/lib/avr6\libm.a(fp_sinus.o)
                0x00000102                . = ALIGN (0x2)
                0x00000102                __trampolines_start = .
 *(.trampolines)
 .trampolines   0x00000102        0x0 linker stubs
 *(.trampolines*)
                0x00000102                __trampolines_end = .
 *libprintf_flt.a:*(.progmem.data)
 *libc.a:*(.progmem.data)
 *(.progmem*)
 .progmem.data._ZL10bigNumbers
                0x00000102      0x208 PCD8544.o
 .progmem.data._ZL5ASCII
                0x0000030a      0x1e0 PCD8544.o
                0x000004ea                . = ALIGN (0x2)
 *(.jumptables)
 *(.jumptables*)
 *(.lowtext)
 *(.lowtext*)
                0x000004ea                __ctors_start = .
 *(.ctors)
 .ctors         0x000004ea        0x2 HardwareSerial.o
                0x000004ec                __ctors_end = .
                0x000004ec                __dtors_start = .
 *(.dtors)
                0x000004ec                __dtors_end = .
 SORT(*)(.ctors)
 SORT(*)(.dtors)
 *(.init0)
 .init0         0x000004ec        0x0 C:/Program Files (x86)/Atmel/Studio/7.0/Packs/Atmel/ATmega_DFP/1.4.351/gcc/dev/atmega2560/avr6/crtatmega2560.o
                0x000004ec                __init
 *(.init0)
 *(.init1)
 *(.init1)
 *(.init2)
 .init2         0x000004ec       0x10 C:/Program Files (x86)/Atmel/Studio/7.0/Packs/Atmel/ATmega_DFP/1.4.351/gcc/dev/atmega2560/avr6/crtatmega2560.o
 *(.init2)
 *(.init3)
 *(.init3)
 *(.init4)
 .init4         0x000004fc       0x1a c:/program files (x86)/atmel/studio/7.0/toolchain/avr8/avr8-gnu-toolchain/bin/../lib/gcc/avr/5.4.0/avr6\libgcc.a(_copy_data.o)
                0x000004fc                __do_copy_data
 .init4         0x00000516       0x10 c:/program files (x86)/atmel/studio/7.0/toolchain/avr8/avr8-gnu-toolchain/bin/../lib/gcc/avr/5.4.0/avr6\libgcc.a(_clear_bss.o)
                0x00000516                __do_clear_bss
 *(.init4)
 *(.init5)
 *(.init5)
 *(.init6)
 .init6         0x00000526       0x20 c:/program files (x86)/atmel/studio/7.0/toolchain/avr8/avr8-gnu-toolchain/bin/../lib/gcc/avr/5.4.0/avr6\libgcc.a(_ctors.o)
                0x00000526                __do_global_ctors
 *(.init6)
 *(.init7)
 *(.init7)
 *(.init8)
 *(.init8)
 *(.init9)
 .init9         0x00000546        0x6 C:/Program Files (x86)/Atmel/Studio/7.0/Packs/Atmel/ATmega_DFP/1.4.351/gcc/dev/atmega2560/avr6/crtatmega2560.o
 *(.init9)
 *(.text)
 .text          0x0000054c        0x2 C:/Program Files (x86)/Atmel/Studio/7.0/Packs/Atmel/ATmega_DFP/1.4.351/gcc/dev/atmega2560/avr6/crtatmega2560.o
                0x0000054c                __vector_38
                0x0000054c                __vector_22
                0x0000054c                __vector_28
                0x0000054c                __vector_1
                0x0000054c                __vector_32
                0x0000054c                __vector_34
                0x0000054c                __vector_24
                0x0000054c                __vector_12
                0x0000054c                __vector_55
                0x0000054c                __vector_46
                0x0000054c                __bad_interrupt
                0x0000054c                __vector_6
                0x0000054c                __vector_31
                0x0000054c                __vector_35
                0x0000054c                __vector_39
                0x0000054c                __vector_3
                0x0000054c                __vector_30
                0x0000054c                __vector_45
                0x0000054c                __vector_11
                0x0000054c                __vector_54
                0x0000054c                __vector_13
                0x0000054c                __vector_17
                0x0000054c                __vector_19
                0x0000054c                __vector_56
                0x0000054c                __vector_7
                0x0000054c                __vector_49
                0x0000054c                __vector_41
                0x0000054c                __vector_43
                0x0000054c                __vector_27
                0x0000054c                __vector_5
                0x0000054c                __vector_33
                0x0000054c                __vector_47
                0x0000054c                __vector_52
                0x0000054c                __vector_37
                0x0000054c                __vector_4
                0x0000054c                __vector_44
                0x0000054c                __vector_51
                0x0000054c                __vector_9
                0x0000054c                __vector_2
                0x0000054c                __vector_21
                0x0000054c                __vector_15
                0x0000054c                __vector_36
                0x0000054c                __vector_29
                0x0000054c                __vector_40
                0x0000054c                __vector_8
                0x0000054c                __vector_48
                0x0000054c                __vector_14
                0x0000054c                __vector_53
                0x0000054c                __vector_10
                0x0000054c                __vector_50
                0x0000054c                __vector_16
                0x0000054c                __vector_18
                0x0000054c                __vector_20
                0x0000054c                __vector_42
                0x0000054e                . = ALIGN (0x2)
 *(.text.*)
 .text._ZN14HardwareSerial9availableEv
                0x0000054e       0x18 HardwareSerial.o
                0x0000054e                _ZN14HardwareSerial9availableEv
 .text._ZN14HardwareSerial4peekEv
                0x00000566       0x1c HardwareSerial.o
                0x00000566                _ZN14HardwareSerial4peekEv
 .text._ZN14HardwareSerial4readEv
                0x00000582       0x28 HardwareSerial.o
                0x00000582                _ZN14HardwareSerial4readEv
 .text._ZN14HardwareSerial17availableForWriteEv
                0x000005aa       0x24 HardwareSerial.o
                0x000005aa                _ZN14HardwareSerial17availableForWriteEv
 .text._ZN14HardwareSerial17_tx_udr_empty_irqEv
                0x000005ce       0x54 HardwareSerial.o
                0x000005ce                _ZN14HardwareSerial17_tx_udr_empty_irqEv
 .text._ZN14HardwareSerial5flushEv
                0x00000622       0x46 HardwareSerial.o
                0x00000622                _ZN14HardwareSerial5flushEv
 .text._ZN14HardwareSerial5writeEh
                0x00000668       0x9a HardwareSerial.o
                0x00000668                _ZN14HardwareSerial5writeEh
 .text._ZN14HardwareSerial5beginEmh
                0x00000702       0xac HardwareSerial.o
                0x00000702                _ZN14HardwareSerial5beginEmh
 .text.__vector_25
                0x000007ae       0x78 HardwareSerial.o
                0x000007ae                __vector_25
 .text.__vector_26
                0x00000826       0x52 HardwareSerial.o
                0x00000826                __vector_26
 .text._GLOBAL__sub_I__ZN14HardwareSerial17_tx_udr_empty_irqEv
                0x00000878       0x5a HardwareSerial.o
 .text._Z8setSpeedj
                0x000008d2      0x232 main.o
                0x000008d2                _Z8setSpeedj
 .text._Z8setTachoj
                0x00000b04      0x232 main.o
                0x00000b04                _Z8setTachoj
 .text.__vector_23
                0x00000d36       0x9e main.o
                0x00000d36                __vector_23
 .text._Z4loopv
                0x00000dd4      0x5d8 main.o
                0x00000dd4                _Z4loopv
 .text.main     0x000013ac      0x36c main.o
                0x000013ac                main
 .text._ZN7PCD85445writeEhh
                0x00001718       0x28 PCD8544.o
                0x00001718                _ZN7PCD85445writeEhh
 .text._ZN7PCD85448setPixelEiib
                0x00001740       0xb4 PCD8544.o
                0x00001740                _ZN7PCD85448setPixelEiib
 .text._ZN7PCD85447setLineEiiiib
                0x000017f4      0x154 PCD8544.o
                0x000017f4                _ZN7PCD85447setLineEiiiib
 .text._ZN7PCD85447setCharEciib
                0x00001948       0xd0 PCD8544.o
                0x00001948                _ZN7PCD85447setCharEciib
 .text._ZN7PCD85446setStrEPciib
                0x00001a18       0xb0 PCD8544.o
                0x00001a18                _ZN7PCD85446setStrEPciib
 .text._ZN7PCD854410setCharBigEciib
                0x00001ac8       0xf2 PCD8544.o
                0x00001ac8                _ZN7PCD854410setCharBigEciib
 .text._ZN7PCD85449setStrBigEPciib
                0x00001bba       0xb0 PCD8544.o
                0x00001bba                _ZN7PCD85449setStrBigEPciib
 .text._ZN7PCD85446gotoXYEii
                0x00001c6a       0x24 PCD8544.o
                0x00001c6a                _ZN7PCD85446gotoXYEii
 .text._ZN7PCD854413updateDisplayEv
                0x00001c8e       0x44 PCD8544.o
                0x00001c8e                _ZN7PCD854413updateDisplayEv
 .text._ZN7PCD85446printfEiibPcz
                0x00001cd2       0x7e PCD8544.o
                0x00001cd2                _ZN7PCD85446printfEiibPcz
 .text._ZN7PCD85449printfBigEiibPcz
                0x00001d50       0x7e PCD8544.o
                0x00001d50                _ZN7PCD85449printfBigEiibPcz
 .text._ZN7PCD854412clearDisplayEb
                0x00001dce       0x24 PCD8544.o
                0x00001dce                _ZN7PCD854412clearDisplayEb
 .text._ZN7PCD854411setContrastEh
                0x00001df2       0x2a PCD8544.o
                0x00001df2                _ZN7PCD854411setContrastEh
 .text._ZN7PCD85445beginEv
                0x00001e1c       0x64 PCD8544.o
                0x00001e1c                _ZN7PCD85445beginEv
 .text._ZN5Print5writeEPKhj
                0x00001e80       0x5e Print.o
                0x00001e80                _ZN5Print5writeEPKhj
 .text._ZN8SPIClass5beginEv
                0x00001ede       0x34 SPI.o
                0x00001ede                _ZN8SPIClass5beginEv
 .text.avr-libc.fplib
                0x00001f12        0xa c:/program files (x86)/atmel/studio/7.0/toolchain/avr8/avr8-gnu-toolchain/bin/../lib/gcc/avr/5.4.0/../../../../avr/lib/avr6\libm.a(addsf3.o)
                0x00001f12                __subsf3
                0x00001f14                __addsf3
 .text.avr-libc.fplib
                0x00001f1c       0xc0 c:/program files (x86)/atmel/studio/7.0/toolchain/avr8/avr8-gnu-toolchain/bin/../lib/gcc/avr/5.4.0/../../../../avr/lib/avr6\libm.a(addsf3x.o)
                0x00001f36                __addsf3x
 .text.avr-libc.fplib
                0x00001fdc        0x6 c:/program files (x86)/atmel/studio/7.0/toolchain/avr8/avr8-gnu-toolchain/bin/../lib/gcc/avr/5.4.0/../../../../avr/lib/avr6\libm.a(cos.o)
                0x00001fdc                cos
 .text.avr-libc.fplib
                0x00001fe2        0x4 c:/program files (x86)/atmel/studio/7.0/toolchain/avr8/avr8-gnu-toolchain/bin/../lib/gcc/avr/5.4.0/../../../../avr/lib/avr6\libm.a(divsf3.o)
                0x00001fe2                __divsf3
 .text.avr-libc.fplib
                0x00001fe6       0xcc c:/program files (x86)/atmel/studio/7.0/toolchain/avr8/avr8-gnu-toolchain/bin/../lib/gcc/avr/5.4.0/../../../../avr/lib/avr6\libm.a(divsf3x.o)
                0x00001ffc                __divsf3x
                0x00002000                __divsf3_pse
 .text.avr-libc.fplib
                0x000020b2        0xa c:/program files (x86)/atmel/studio/7.0/toolchain/avr8/avr8-gnu-toolchain/bin/../lib/gcc/avr/5.4.0/../../../../avr/lib/avr6\libm.a(fixsfsi.o)
                0x000020b2                __fixsfsi
 .text.avr-libc.fplib
                0x000020bc       0x58 c:/program files (x86)/atmel/studio/7.0/toolchain/avr8/avr8-gnu-toolchain/bin/../lib/gcc/avr/5.4.0/../../../../avr/lib/avr6\libm.a(fixunssfsi.o)
                0x000020bc                __fixunssfsi
 .text.avr-libc.fplib
                0x00002114       0x7a c:/program files (x86)/atmel/studio/7.0/toolchain/avr8/avr8-gnu-toolchain/bin/../lib/gcc/avr/5.4.0/../../../../avr/lib/avr6\libm.a(floatsisf.o)
                0x00002114                __floatunsisf
                0x00002118                __floatsisf
 .text.avr-libc.fplib
                0x0000218e        0xc c:/program files (x86)/atmel/studio/7.0/toolchain/avr8/avr8-gnu-toolchain/bin/../lib/gcc/avr/5.4.0/../../../../avr/lib/avr6\libm.a(fp_inf.o)
                0x0000218e                __fp_inf
 .text.avr-libc.fplib
                0x0000219a        0x6 c:/program files (x86)/atmel/studio/7.0/toolchain/avr8/avr8-gnu-toolchain/bin/../lib/gcc/avr/5.4.0/../../../../avr/lib/avr6\libm.a(fp_nan.o)
                0x0000219a                __fp_nan
 .text.avr-libc.fplib
                0x000021a0        0xe c:/program files (x86)/atmel/studio/7.0/toolchain/avr8/avr8-gnu-toolchain/bin/../lib/gcc/avr/5.4.0/../../../../avr/lib/avr6\libm.a(fp_pscA.o)
                0x000021a0                __fp_pscA
 .text.avr-libc.fplib
                0x000021ae        0xe c:/program files (x86)/atmel/studio/7.0/toolchain/avr8/avr8-gnu-toolchain/bin/../lib/gcc/avr/5.4.0/../../../../avr/lib/avr6\libm.a(fp_pscB.o)
                0x000021ae                __fp_pscB
 .text.avr-libc.fplib
                0x000021bc       0x50 c:/program files (x86)/atmel/studio/7.0/toolchain/avr8/avr8-gnu-toolchain/bin/../lib/gcc/avr/5.4.0/../../../../avr/lib/avr6\libm.a(fp_rempio2.o)
                0x000021be                __fp_rempio2
 .text.avr-libc.fplib
                0x0000220c       0x22 c:/program files (x86)/atmel/studio/7.0/toolchain/avr8/avr8-gnu-toolchain/bin/../lib/gcc/avr/5.4.0/../../../../avr/lib/avr6\libm.a(fp_round.o)
                0x0000220c                __fp_round
 .text.avr-libc.fplib
                0x0000222e       0x22 c:/program files (x86)/atmel/studio/7.0/toolchain/avr8/avr8-gnu-toolchain/bin/../lib/gcc/avr/5.4.0/../../../../avr/lib/avr6\libm.a(fp_sinus.o)
                0x0000222e                __fp_sinus
 .text.avr-libc.fplib
                0x00002250       0x44 c:/program files (x86)/atmel/studio/7.0/toolchain/avr8/avr8-gnu-toolchain/bin/../lib/gcc/avr/5.4.0/../../../../avr/lib/avr6\libm.a(fp_split3.o)
                0x00002250                __fp_split3
                0x00002260                __fp_splitA
 .text.avr-libc.fplib
                0x00002294        0xe c:/program files (x86)/atmel/studio/7.0/toolchain/avr8/avr8-gnu-toolchain/bin/../lib/gcc/avr/5.4.0/../../../../avr/lib/avr6\libm.a(fp_zero.o)
                0x00002294                __fp_zero
                0x00002296                __fp_szero
 .text.avr-libc.fplib
                0x000022a2        0x4 c:/program files (x86)/atmel/studio/7.0/toolchain/avr8/avr8-gnu-toolchain/bin/../lib/gcc/avr/5.4.0/../../../../avr/lib/avr6\libm.a(mulsf3.o)
                0x000022a2                __mulsf3
 .text.avr-libc.fplib
                0x000022a6       0xc2 c:/program files (x86)/atmel/studio/7.0/toolchain/avr8/avr8-gnu-toolchain/bin/../lib/gcc/avr/5.4.0/../../../../avr/lib/avr6\libm.a(mulsf3x.o)
                0x000022ba                __mulsf3x
                0x000022be                __mulsf3_pse
 .text.avr-libc.fplib
                0x00002368        0xc c:/program files (x86)/atmel/studio/7.0/toolchain/avr8/avr8-gnu-toolchain/bin/../lib/gcc/avr/5.4.0/../../../../avr/lib/avr6\libm.a(sin.o)
                0x00002368                sin
 .text.avr-libc.fplib
                0x00002374       0x1c c:/program files (x86)/atmel/studio/7.0/toolchain/avr8/avr8-gnu-toolchain/bin/../lib/gcc/avr/5.4.0/../../../../avr/lib/avr6\libm.a(fp_mpack.o)
                0x00002374                __fp_mpack
                0x00002378                __fp_mpack_finite
 .text.avr-libc.fplib
                0x00002390       0x22 c:/program files (x86)/atmel/studio/7.0/toolchain/avr8/avr8-gnu-toolchain/bin/../lib/gcc/avr/5.4.0/../../../../avr/lib/avr6\libm.a(fp_powsodd.o)
                0x00002390                __fp_powsodd
 .text.avr-libc.fplib
                0x000023b2       0x4a c:/program files (x86)/atmel/studio/7.0/toolchain/avr8/avr8-gnu-toolchain/bin/../lib/gcc/avr/5.4.0/../../../../avr/lib/avr6\libm.a(fp_powser.o)
                0x000023b2                __fp_powser
 .text.libgcc.div
                0x000023fc       0x44 c:/program files (x86)/atmel/studio/7.0/toolchain/avr8/avr8-gnu-toolchain/bin/../lib/gcc/avr/5.4.0/avr6\libgcc.a(_udivmodsi4.o)
                0x000023fc                __udivmodsi4
 .text.libgcc.div
                0x00002440       0x28 c:/program files (x86)/atmel/studio/7.0/toolchain/avr8/avr8-gnu-toolchain/bin/../lib/gcc/avr/5.4.0/avr6\libgcc.a(_divmodsi4.o)
                0x00002440                __divmodsi4
 .text.libgcc.div
                0x00002468       0x10 c:/program files (x86)/atmel/studio/7.0/toolchain/avr8/avr8-gnu-toolchain/bin/../lib/gcc/avr/5.4.0/avr6\libgcc.a(_negsi2.o)
                0x00002468                __negsi2
 .text.libgcc   0x00002478       0x10 c:/program files (x86)/atmel/studio/7.0/toolchain/avr8/avr8-gnu-toolchain/bin/../lib/gcc/avr/5.4.0/avr6\libgcc.a(_tablejump2.o)
                0x00002478                __tablejump2__
 .text.libgcc.mul
                0x00002488       0x1e c:/program files (x86)/atmel/studio/7.0/toolchain/avr8/avr8-gnu-toolchain/bin/../lib/gcc/avr/5.4.0/avr6\libgcc.a(_umulhisi3.o)
                0x00002488                __umulhisi3
 .text.avr-libc
                0x000024a6       0x70 c:/program files (x86)/atmel/studio/7.0/toolchain/avr8/avr8-gnu-toolchain/bin/../lib/gcc/avr/5.4.0/../../../../avr/lib/avr6\libc.a(vsnprintf.o)
                0x000024a6                vsnprintf
 .text.avr-libc
                0x00002516      0x3fa c:/program files (x86)/atmel/studio/7.0/toolchain/avr8/avr8-gnu-toolchain/bin/../lib/gcc/avr/5.4.0/../../../../avr/lib/avr6\libc.a(vfprintf_std.o)
                0x00002516                vfprintf
 .text.avr-libc
                0x00002910       0x16 c:/program files (x86)/atmel/studio/7.0/toolchain/avr8/avr8-gnu-toolchain/bin/../lib/gcc/avr/5.4.0/../../../../avr/lib/avr6\libc.a(strnlen_P.o)
                0x00002910                strnlen_P
 .text.avr-libc
                0x00002926       0x16 c:/program files (x86)/atmel/studio/7.0/toolchain/avr8/avr8-gnu-toolchain/bin/../lib/gcc/avr/5.4.0/../../../../avr/lib/avr6\libc.a(strnlen.o)
                0x00002926                strnlen
 .text.avr-libc
                0x0000293c       0x78 c:/program files (x86)/atmel/studio/7.0/toolchain/avr8/avr8-gnu-toolchain/bin/../lib/gcc/avr/5.4.0/../../../../avr/lib/avr6\libc.a(fputc.o)
                0x0000293c                fputc
 .text.avr-libc
                0x000029b4       0xbc c:/program files (x86)/atmel/studio/7.0/toolchain/avr8/avr8-gnu-toolchain/bin/../lib/gcc/avr/5.4.0/../../../../avr/lib/avr6\libc.a(ultoa_invert.o)
                0x000029b4                __ultoa_invert
                0x00002a70                . = ALIGN (0x2)
 *(.fini9)
 .fini9         0x00002a70        0x0 c:/program files (x86)/atmel/studio/7.0/toolchain/avr8/avr8-gnu-toolchain/bin/../lib/gcc/avr/5.4.0/avr6\libgcc.a(_exit.o)
                0x00002a70                _exit
                0x00002a70                exit
 *(.fini9)
 *(.fini8)
 *(.fini8)
 *(.fini7)
 *(.fini7)
 *(.fini6)
 *(.fini6)
 *(.fini5)
 *(.fini5)
 *(.fini4)
 *(.fini4)
 *(.fini3)
 *(.fini3)
 *(.fini2)
 *(.fini2)
 *(.fini1)
 *(.fini1)
 *(.fini0)
 .fini0         0x00002a70        0x4 c:/program files (x86)/atmel/studio/7.0/toolchain/avr8/avr8-gnu-toolchain/bin/../lib/gcc/avr/5.4.0/avr6\libgcc.a(_exit.o)
 *(.fini0)
                0x00002a74                _etext = .

.data           0x00800200       0x98 load address 0x00002a74
                0x00800200                PROVIDE (__data_start, .)
 *(.data)
 *(.data*)
 *(.gnu.linkonce.d*)
 *(.rodata)
 *(.rodata*)
 .rodata._ZTV14HardwareSerial
                0x00800200       0x12 HardwareSerial.o
                0x00800200                _ZTV14HardwareSerial
 .rodata.str1.1
                0x00800212       0x85 main.o
 *(.gnu.linkonce.r*)
                0x00800298                . = ALIGN (0x2)
 *fill*         0x00800297        0x1 
                0x00800298                _edata = .
                0x00800298                PROVIDE (__data_end, .)

.bss            0x00800298      0x2a0
                0x00800298                PROVIDE (__bss_start, .)
 *(.bss)
 *(.bss*)
 .bss.Serial    0x00800298       0x9d HardwareSerial.o
                0x00800298                Serial
 .bss._ZL12timer0_fract
                0x00800335        0x1 main.o
 .bss.timer0_millis
                0x00800336        0x4 main.o
                0x00800336                timer0_millis
 .bss.timer0_overflow_count
                0x0080033a        0x4 main.o
                0x0080033a                timer0_overflow_count
 .bss.lcd       0x0080033e        0x1 main.o
                0x0080033e                lcd
 .bss.displayMap
                0x0080033f      0x1f8 PCD8544.o
                0x0080033f                displayMap
 .bss._ZN8SPIClass11initializedE
                0x00800537        0x1 SPI.o
                0x00800537                _ZN8SPIClass11initializedE
 *(COMMON)
                0x00800538                PROVIDE (__bss_end, .)
                0x00002a74                __data_load_start = LOADADDR (.data)
                0x00002b0c                __data_load_end = (__data_load_start + SIZEOF (.data))

.noinit         0x00800538        0x0
                [!provide]                PROVIDE (__noinit_start, .)
 *(.noinit*)
                [!provide]                PROVIDE (__noinit_end, .)
                0x00800538                _end = .
                0x00800538                PROVIDE (__heap_start, .)

.eeprom         0x00810000        0x0
 *(.eeprom*)
                0x00810000                __eeprom_end = .

.fuse
 *(.fuse)
 *(.lfuse)
 *(.hfuse)
 *(.efuse)

.lock
 *(.lock*)

.signature
 *(.signature*)

.user_signatures
 *(.user_signatures*)

.stab
 *(.stab)

.stabstr
 *(.stabstr)

.stab.excl
 *(.stab.excl)

.stab.exclstr
 *(.stab.exclstr)

.stab.index
 *(.stab.index)

.stab.indexstr
 *(.stab.indexstr)

.comment        0x00000000       0x5c
 *(.comment)
 .comment       0x00000000       0x30 HardwareSerial.o
                                 0x31 (size before relaxing)
 .comment       0x00000030       0x31 main.o
 .comment       0x00000030       0x31 PCD8544.o
 .comment       0x00000030       0x31 Print.o
 .comment       0x00000030       0x31 SPI.o
 .comment       0x00000030       0x31 c:/program files (x86)/atmel/studio/7.0/toolchain/avr8/avr8-gnu-toolchain/bin/../lib/gcc/avr/5.4.0/../../../../avr/lib/avr6\libc.a(vsnprintf.o)
 .comment       0x00000030       0x2c c:/program files (x86)/atmel/studio/7.0/toolchain/avr8/avr8-gnu-toolchain/bin/../lib/gcc/avr/5.4.0/../../../../avr/lib/avr6\libc.a(vfprintf_std.o)
                                 0x2d (size before relaxing)
 .comment       0x0000005c       0x31 c:/program files (x86)/atmel/studio/7.0/toolchain/avr8/avr8-gnu-toolchain/bin/../lib/gcc/avr/5.4.0/../../../../avr/lib/avr6\libc.a(fputc.o)

.note.gnu.avr.deviceinfo
                0x00000000       0x40
 .note.gnu.avr.deviceinfo
                0x00000000       0x40 C:/Program Files (x86)/Atmel/Studio/7.0/Packs/Atmel/ATmega_DFP/1.4.351/gcc/dev/atmega2560/avr6/crtatmega2560.o

.note.gnu.build-id
 *(.note.gnu.build-id)

.debug
 *(.debug)

.line
 *(.line)

.debug_srcinfo
 *(.debug_srcinfo)

.debug_sfnames
 *(.debug_sfnames)

.debug_aranges  0x00000000      0x2e0
 *(.debug_aranges)
 .debug_aranges
                0x00000000       0x90 HardwareSerial.o
 .debug_aranges
                0x00000090       0x68 main.o
 .debug_aranges
                0x000000f8       0xb8 PCD8544.o
 .debug_aranges
                0x000001b0       0xf8 Print.o
 .debug_aranges
                0x000002a8       0x38 SPI.o

.debug_pubnames
 *(.debug_pubnames)

.debug_info     0x00000000     0x7f96
 *(.debug_info .gnu.linkonce.wi.*)
 .debug_info    0x00000000      0xbbc C:/Program Files (x86)/Atmel/Studio/7.0/Packs/Atmel/ATmega_DFP/1.4.351/gcc/dev/atmega2560/avr6/crtatmega2560.o
 .debug_info    0x00000bbc     0x1d8e HardwareSerial.o
 .debug_info    0x0000294a     0x1002 main.o
 .debug_info    0x0000394c     0x1de6 PCD8544.o
 .debug_info    0x00005732     0x2469 Print.o
 .debug_info    0x00007b9b      0x3fb SPI.o

.debug_abbrev   0x00000000     0x1c87
 *(.debug_abbrev)
 .debug_abbrev  0x00000000      0xb1a C:/Program Files (x86)/Atmel/Studio/7.0/Packs/Atmel/ATmega_DFP/1.4.351/gcc/dev/atmega2560/avr6/crtatmega2560.o
 .debug_abbrev  0x00000b1a      0x464 HardwareSerial.o
 .debug_abbrev  0x00000f7e      0x406 main.o
 .debug_abbrev  0x00001384      0x3c7 PCD8544.o
 .debug_abbrev  0x0000174b      0x394 Print.o
 .debug_abbrev  0x00001adf      0x1a8 SPI.o

.debug_line     0x00000000     0x22b5
 *(.debug_line .debug_line.* .debug_line_end)
 .debug_line    0x00000000      0x1fa C:/Program Files (x86)/Atmel/Studio/7.0/Packs/Atmel/ATmega_DFP/1.4.351/gcc/dev/atmega2560/avr6/crtatmega2560.o
 .debug_line    0x000001fa      0x47c HardwareSerial.o
 .debug_line    0x00000676      0xc18 main.o
 .debug_line    0x0000128e      0x707 PCD8544.o
 .debug_line    0x00001995      0x677 Print.o
 .debug_line    0x0000200c      0x2a9 SPI.o

.debug_frame    0x00000000      0xe7c
 *(.debug_frame)
 .debug_frame   0x00000000      0x1cc HardwareSerial.o
 .debug_frame   0x000001cc      0x458 main.o
 .debug_frame   0x00000624      0x464 PCD8544.o
 .debug_frame   0x00000a88      0x3a0 Print.o
 .debug_frame   0x00000e28       0x54 SPI.o

.debug_str      0x00000000     0x2451
 *(.debug_str)
 .debug_str     0x00000000      0x3e6 C:/Program Files (x86)/Atmel/Studio/7.0/Packs/Atmel/ATmega_DFP/1.4.351/gcc/dev/atmega2560/avr6/crtatmega2560.o
 .debug_str     0x000003e6     0x139e HardwareSerial.o
                               0x1476 (size before relaxing)
 .debug_str     0x00001784      0x479 main.o
                                0x6f9 (size before relaxing)
 .debug_str     0x00001bfd      0x420 PCD8544.o
                                0x8d1 (size before relaxing)
 .debug_str     0x0000201d      0x39b Print.o
                                0xfc1 (size before relaxing)
 .debug_str     0x000023b8       0x99 SPI.o
                                0x56a (size before relaxing)

.debug_loc      0x00000000     0x574a
 *(.debug_loc)
 .debug_loc     0x00000000      0x581 HardwareSerial.o
 .debug_loc     0x00000581     0x153a main.o
 .debug_loc     0x00001abb     0x1f2e PCD8544.o
 .debug_loc     0x000039e9     0x1bd5 Print.o
 .debug_loc     0x000055be      0x18c SPI.o

.debug_macinfo
 *(.debug_macinfo)

.debug_weaknames
 *(.debug_weaknames)

.debug_funcnames
 *(.debug_funcnames)

.debug_typenames
 *(.debug_typenames)

.debug_varnames
 *(.debug_varnames)

.debug_pubtypes
 *(.debug_pubtypes)

.debug_ranges   0x00000000      0x320
 *(.debug_ranges)
 .debug_ranges  0x00000000       0x80 HardwareSerial.o
 .debug_ranges  0x00000080       0x58 main.o
 .debug_ranges  0x000000d8      0x108 PCD8544.o
 .debug_ranges  0x000001e0      0x118 Print.o
 .debug_ranges  0x000002f8       0x28 SPI.o

.debug_macro
 *(.debug_macro)
OUTPUT(Dash.elf elf32-avr)
LOAD linker stubs
